Considering: import/gnucobol/tests/testsuite.src/configuration.at:36:0
Considering: import/gnucobol/tests/testsuite.src/configuration.at:56:0
Considering: import/gnucobol/tests/testsuite.src/configuration.at:167:0
Considering: import/gnucobol/tests/testsuite.src/configuration.at:167:0
configuration.at-167-test.conf:2.6-2.7:
   1   
   2 > include "default.conf"
----         ^
   3   name: "Sample Conf"
   4   comment-paragraphs:                       ok
>> Error: Unexpected indicator: `e'

configuration.at-167-test.conf:2.8-2.22:
   1   
   2 > include "default.conf"
----           ^^^^^^^^^^^^^^
   3   name: "Sample Conf"
   4   comment-paragraphs:                       ok
>> Error: Invalid syntax

configuration.at-167-test.conf:3.6-3.7:
   1   
   2   include "default.conf"
   3 > name: "Sample Conf"
----         ^
   4   comment-paragraphs:                       ok
>> Error: Unexpected indicator: `"'

configuration.at-167-test.conf:4.6-4.7:
   1   
   2   include "default.conf"
   3   name: "Sample Conf"
   4 > comment-paragraphs:                       ok
----         ^
>> Error: Unexpected indicator: `t'

configuration.at-167-test.conf:3.18-3.72:
   1   
   2   include "default.conf"
   3 > name: "Sample Conf"
----                     ^
   4   comment-paragraphs:                       ok
>> Error: Missing continuation of `                                                     '

Considering: import/gnucobol/tests/testsuite.src/configuration.at:234:0
Considering: import/gnucobol/tests/testsuite.src/configuration.at:234:0
configuration.at-234-test.conf:2.6-2.7:
   1   
   2 > include "mf.conf"
----         ^
   3   name: "Sample Conf"
   4   comment-paragraphs:                       ok
>> Error: Unexpected indicator: `e'

configuration.at-234-test.conf:2.8-2.17:
   1   
   2 > include "mf.conf"
----           ^^^^^^^^^
   3   name: "Sample Conf"
   4   comment-paragraphs:                       ok
>> Error: Invalid syntax

configuration.at-234-test.conf:3.6-3.7:
   1   
   2   include "mf.conf"
   3 > name: "Sample Conf"
----         ^
   4   comment-paragraphs:                       ok
>> Error: Unexpected indicator: `"'

configuration.at-234-test.conf:4.6-4.7:
   1   
   2   include "mf.conf"
   3   name: "Sample Conf"
   4 > comment-paragraphs:                       ok
----         ^
>> Error: Unexpected indicator: `t'

configuration.at-234-test.conf:3.18-3.72:
   1   
   2   include "mf.conf"
   3 > name: "Sample Conf"
----                     ^
   4   comment-paragraphs:                       ok
>> Error: Missing continuation of `                                                     '

Considering: import/gnucobol/tests/testsuite.src/configuration.at:254:0
Considering: import/gnucobol/tests/testsuite.src/configuration.at:280:0
Considering: import/gnucobol/tests/testsuite.src/configuration.at:284:0
configuration.at-284-test.conf:2.6-2.7:
   1   
   2 > include "default.conf"
----         ^
   3   name: "Sample Conf"
   4   comment-paragraphs:   unconformable
>> Error: Unexpected indicator: `e'

configuration.at-284-test.conf:2.8-2.22:
   1   
   2 > include "default.conf"
----           ^^^^^^^^^^^^^^
   3   name: "Sample Conf"
   4   comment-paragraphs:   unconformable
>> Error: Invalid syntax

configuration.at-284-test.conf:3.6-3.7:
   1   
   2   include "default.conf"
   3 > name: "Sample Conf"
----         ^
   4   comment-paragraphs:   unconformable
>> Error: Unexpected indicator: `"'

configuration.at-284-test.conf:4.6-4.7:
   1   
   2   include "default.conf"
   3   name: "Sample Conf"
   4 > comment-paragraphs:   unconformable
----         ^
>> Error: Unexpected indicator: `t'

configuration.at-284-test.conf:3.18-3.72:
   1   
   2   include "default.conf"
   3 > name: "Sample Conf"
----                     ^
   4   comment-paragraphs:   unconformable
>> Error: Missing continuation of `                                                     '

Considering: import/gnucobol/tests/testsuite.src/configuration.at:316:0
Considering: import/gnucobol/tests/testsuite.src/configuration.at:396:0
configuration.at-396-defunc.conf:2.6-2.7:
   1   
   2 > include "default.conf"
----         ^
   3   includeif "notthere.conf"
>> Error: Unexpected indicator: `e'

configuration.at-396-defunc.conf:2.8-2.22:
   1   
   2 > include "default.conf"
----           ^^^^^^^^^^^^^^
   3   includeif "notthere.conf"
>> Error: Invalid syntax

configuration.at-396-defunc.conf:3.6-3.7:
   1   
   2   include "default.conf"
   3 > includeif "notthere.conf"
----         ^
>> Error: Unexpected indicator: `e'

Considering: import/gnucobol/tests/testsuite.src/configuration.at:396:0
Considering: import/gnucobol/tests/testsuite.src/configuration.at:399:0
configuration.at-399-test.conf:2.6-2.7:
   1   
   2 > include "default.conf"
----         ^
   3   include "test2.conf"
>> Error: Unexpected indicator: `e'

configuration.at-399-test.conf:2.8-2.22:
   1   
   2 > include "default.conf"
----           ^^^^^^^^^^^^^^
   3   include "test2.conf"
>> Error: Invalid syntax

configuration.at-399-test.conf:3.6-3.7:
   1   
   2   include "default.conf"
   3 > include "test2.conf"
----         ^
>> Error: Unexpected indicator: `e'

Considering: import/gnucobol/tests/testsuite.src/configuration.at:588:0
configuration.at-588-test.cfg:2.6-2.7:
   1   
   2 > include "test2.cfg"
----         ^
>> Error: Unexpected indicator: `e'

configuration.at-588-test.cfg:2.8-2.19:
   1   
   2 > include "test2.cfg"
----           ^^^^^^^^^^^
>> Error: Invalid syntax

Considering: import/gnucobol/tests/testsuite.src/configuration.at:586:0
configuration.at-586-test2.cfg:2.6-2.7:
   1   
   2 > physical_cancel true
----         ^
>> Error: Unexpected indicator: `a'

configuration.at-586-test2.cfg:2.7-2.15:
   1   
   2 > physical_cancel true
----          ^^^^^^^^
>> Error: Invalid syntax

Considering: import/gnucobol/tests/testsuite.src/configuration.at:590:0
configuration.at-590-test3.cfg:2.7-2.26:
   1   
   2 > setenv COB_PHYSICAL_CANCEL=true
----          ^^^^^^^^^^^^^^^^^^^
>> Error: Invalid syntax

Considering: import/gnucobol/tests/testsuite.src/configuration.at:644:0
configuration.at-644-test.cfg:2.6-2.7:
   1   
   2 > physical_cancel true
----         ^
>> Error: Unexpected indicator: `a'

configuration.at-644-test.cfg:2.7-2.15:
   1   
   2 > physical_cancel true
----          ^^^^^^^^
>> Error: Invalid syntax

Considering: import/gnucobol/tests/testsuite.src/configuration.at:768:0
configuration.at-768-defunc.cfg:2.6-2.7:
   1   
   2 > include "runtime_empty.cfg"
----         ^
   3   includeif "notthere.cfg"
>> Error: Unexpected indicator: `e'

configuration.at-768-defunc.cfg:2.8-2.27:
   1   
   2 > include "runtime_empty.cfg"
----           ^^^^^^^^^^^^^^^^^^^
   3   includeif "notthere.cfg"
>> Error: Invalid syntax

configuration.at-768-defunc.cfg:3.6-3.7:
   1   
   2   include "runtime_empty.cfg"
   3 > includeif "notthere.cfg"
----         ^
>> Error: Unexpected indicator: `e'

Considering: import/gnucobol/tests/testsuite.src/configuration.at:851:0
Considering: import/gnucobol/tests/testsuite.src/configuration.at:880:0
configuration.at-880-wide.cob:9.18:
   6          WORKING-STORAGE  SECTION.
   7         /
   8          PROCEDURE        DIVISION.
   9 >            DISPLAY '     20        30        40         50       60         70 '
----                     ^
  10              DISPLAY '     20        30        40         50       60         70
  11         -            '        80'
>> Hint: Missing <identifier or literal>

configuration.at-880-wide.cob:9.19-9.72:
   6          WORKING-STORAGE  SECTION.
   7         /
   8          PROCEDURE        DIVISION.
   9 >            DISPLAY '     20        30        40         50       60         70 '
----                      ^^^^^^^^^^^^^^^^^^^^^^^^^^^^^^^^^^^^^^^^^^^^^^^^^^^^^
  10              DISPLAY '     20        30        40         50       60         70
  11         -            '        80'
>> Error: Invalid syntax

configuration.at-880-wide.cob:9.19-9.72:
   6          WORKING-STORAGE  SECTION.
   7         /
   8          PROCEDURE        DIVISION.
   9 >            DISPLAY '     20        30        40         50       60         70 '
----                      ^^^^^^^^^^^^^^^^^^^^^^^^^^^^^^^^^^^^^^^^^^^^^^^^^^^^^
  10              DISPLAY '     20        30        40         50       60         70
  11         -            '        80'
>> Error: Missing continuation of `     20        30        40         50       60     '

Considering: import/gnucobol/tests/testsuite.src/configuration.at:903:0
configuration.at-903-prog.cob:7.13-7.20:
   4          ENVIRONMENT DIVISION.
   5          CONFIGURATION SECTION.
   6              OBJECT-COMPUTER.
   7 >              PROGRAM COLLATING SEQUENCE IS an-ebcdic.
----                ^^^^^^^
   8          SPECIAL-NAMES.
   9              ALPHABET an-ebcdic IS EBCDIC.
>> Error: Invalid syntax

configuration.at-903-prog.cob:9.33-9.39:
   6              OBJECT-COMPUTER.
   7                PROGRAM COLLATING SEQUENCE IS an-ebcdic.
   8          SPECIAL-NAMES.
   9 >            ALPHABET an-ebcdic IS EBCDIC.
----                                    ^^^^^^
  10          PROCEDURE        DIVISION.
  11              STOP RUN.
>> Error: Invalid syntax

configuration.at-903-prog.cob:9.39-9.40:
   6              OBJECT-COMPUTER.
   7                PROGRAM COLLATING SEQUENCE IS an-ebcdic.
   8          SPECIAL-NAMES.
   9 >            ALPHABET an-ebcdic IS EBCDIC.
----                                          ^
  10          PROCEDURE        DIVISION.
  11              STOP RUN.
>> Error: Invalid syntax

configuration.at-903-prog.cob:9.39:
   6              OBJECT-COMPUTER.
   7                PROGRAM COLLATING SEQUENCE IS an-ebcdic.
   8          SPECIAL-NAMES.
   9 >            ALPHABET an-ebcdic IS EBCDIC.
----                                          ^
  10          PROCEDURE        DIVISION.
  11              STOP RUN.
>> Hint: Missing IS <word>

Considering: import/gnucobol/tests/testsuite.src/configuration.at:940:0
configuration.at-940-valid.ttbl:2.6-2.7:
   1   
   2 > 000102039C09867F978D8E0B0C0D0E0F101112139D8508871819928F1C1D1E1F80818283840A171B
----         ^
   3   88898A8B8C050607909116939495960498999A9B14159E1A20A0E2E4E0E1E3E5E7F15B2E3C282B21
   4   26E9EAEBE8EDEEEFECDF5D242A293B5E2D2FC2C4C0C1C3C5C7D1A62C255F3E3FF8C9CACBC8CDCECF
>> Error: Unexpected indicator: `0'

configuration.at-940-valid.ttbl:2.7-2.72:
   1   
   2 > 000102039C09867F978D8E0B0C0D0E0F101112139D8508871819928F1C1D1E1F80818283840A171B
----          ^^^^^^^^^^^^^^^^^^^^^^^^^^^^^^^^^^^^^^^^^^^^^^^^^^^^^^^^^^^^^^^^^
   3   88898A8B8C050607909116939495960498999A9B14159E1A20A0E2E4E0E1E3E5E7F15B2E3C282B21
   4   26E9EAEBE8EDEEEFECDF5D242A293B5E2D2FC2C4C0C1C3C5C7D1A62C255F3E3FF8C9CACBC8CDCECF
>> Error: Invalid syntax

configuration.at-940-valid.ttbl:3.6-3.7:
   1   
   2   000102039C09867F978D8E0B0C0D0E0F101112139D8508871819928F1C1D1E1F80818283840A171B
   3 > 88898A8B8C050607909116939495960498999A9B14159E1A20A0E2E4E0E1E3E5E7F15B2E3C282B21
----         ^
   4   26E9EAEBE8EDEEEFECDF5D242A293B5E2D2FC2C4C0C1C3C5C7D1A62C255F3E3FF8C9CACBC8CDCECF
   5   CC603A2340273D22D8616263646566676869ABBBF0FDFEB1B06A6B6C6D6E6F707172AABAE6B8C6A4
>> Error: Unexpected indicator: `8'

configuration.at-940-valid.ttbl:4.6-4.7:
   1   
   2   000102039C09867F978D8E0B0C0D0E0F101112139D8508871819928F1C1D1E1F80818283840A171B
   3   88898A8B8C050607909116939495960498999A9B14159E1A20A0E2E4E0E1E3E5E7F15B2E3C282B21
   4 > 26E9EAEBE8EDEEEFECDF5D242A293B5E2D2FC2C4C0C1C3C5C7D1A62C255F3E3FF8C9CACBC8CDCECF
----         ^
   5   CC603A2340273D22D8616263646566676869ABBBF0FDFEB1B06A6B6C6D6E6F707172AABAE6B8C6A4
   6   B57E737475767778797AA1BFD0DDDEAEA2A3A5B7A9A7B6BCBDBEAC7CAFA8B4D77B41424344454647
>> Error: Unexpected indicator: `E'

configuration.at-940-valid.ttbl:5.6-5.7:
   2   000102039C09867F978D8E0B0C0D0E0F101112139D8508871819928F1C1D1E1F80818283840A171B
   3   88898A8B8C050607909116939495960498999A9B14159E1A20A0E2E4E0E1E3E5E7F15B2E3C282B21
   4   26E9EAEBE8EDEEEFECDF5D242A293B5E2D2FC2C4C0C1C3C5C7D1A62C255F3E3FF8C9CACBC8CDCECF
   5 > CC603A2340273D22D8616263646566676869ABBBF0FDFEB1B06A6B6C6D6E6F707172AABAE6B8C6A4
----         ^
   6   B57E737475767778797AA1BFD0DDDEAEA2A3A5B7A9A7B6BCBDBEAC7CAFA8B4D77B41424344454647
   7   4849ADF4F6F2F3F57D4A4B4C4D4E4F505152B9FBFCF9FAFF5CF7535455565758595AB2D4D6D2D3D5
>> Error: Unexpected indicator: `2'

configuration.at-940-valid.ttbl:6.6-6.7:
   3   88898A8B8C050607909116939495960498999A9B14159E1A20A0E2E4E0E1E3E5E7F15B2E3C282B21
   4   26E9EAEBE8EDEEEFECDF5D242A293B5E2D2FC2C4C0C1C3C5C7D1A62C255F3E3FF8C9CACBC8CDCECF
   5   CC603A2340273D22D8616263646566676869ABBBF0FDFEB1B06A6B6C6D6E6F707172AABAE6B8C6A4
   6 > B57E737475767778797AA1BFD0DDDEAEA2A3A5B7A9A7B6BCBDBEAC7CAFA8B4D77B41424344454647
----         ^
   7   4849ADF4F6F2F3F57D4A4B4C4D4E4F505152B9FBFCF9FAFF5CF7535455565758595AB2D4D6D2D3D5
   8   30313233343536373839B3DBDCD9DA9F
>> Error: Unexpected indicator: `7'

configuration.at-940-valid.ttbl:7.6-7.7:
   4   26E9EAEBE8EDEEEFECDF5D242A293B5E2D2FC2C4C0C1C3C5C7D1A62C255F3E3FF8C9CACBC8CDCECF
   5   CC603A2340273D22D8616263646566676869ABBBF0FDFEB1B06A6B6C6D6E6F707172AABAE6B8C6A4
   6   B57E737475767778797AA1BFD0DDDEAEA2A3A5B7A9A7B6BCBDBEAC7CAFA8B4D77B41424344454647
   7 > 4849ADF4F6F2F3F57D4A4B4C4D4E4F505152B9FBFCF9FAFF5CF7535455565758595AB2D4D6D2D3D5
----         ^
   8   30313233343536373839B3DBDCD9DA9F
>> Error: Unexpected indicator: `F'

configuration.at-940-valid.ttbl:8.6-8.7:
   5   CC603A2340273D22D8616263646566676869ABBBF0FDFEB1B06A6B6C6D6E6F707172AABAE6B8C6A4
   6   B57E737475767778797AA1BFD0DDDEAEA2A3A5B7A9A7B6BCBDBEAC7CAFA8B4D77B41424344454647
   7   4849ADF4F6F2F3F57D4A4B4C4D4E4F505152B9FBFCF9FAFF5CF7535455565758595AB2D4D6D2D3D5
   8 > 30313233343536373839B3DBDCD9DA9F
----         ^
>> Error: Unexpected indicator: `3'

Considering: import/gnucobol/tests/testsuite.src/configuration.at:941:0
configuration.at-941-valid2.ttbl:2.6-2.7:
   1   
   2 > # we may have any comments in here
----         ^
   3   00 01 02 03 9C 09 86 7F 97 8D 8E 0B 0C 0D 0E 0F 10 11 12 13 9D 85 08 87 18 19 92
   4   8F 1C 1D 1E 1F 80 81 82 83 84 0A 17 1B 88 89 8A 8B 8C 05 06 07 90 91 16 93 94 95
>> Error: Unexpected indicator: `a'

configuration.at-941-valid2.ttbl:2.7-2.8:
   1   
   2 > # we may have any comments in here
----          ^
   3   00 01 02 03 9C 09 86 7F 97 8D 8E 0B 0C 0D 0E 0F 10 11 12 13 9D 85 08 87 18 19 92
   4   8F 1C 1D 1E 1F 80 81 82 83 84 0A 17 1B 88 89 8A 8B 8C 05 06 07 90 91 16 93 94 95
>> Error: Invalid syntax

configuration.at-941-valid2.ttbl:3.6-3.7:
   1   
   2   # we may have any comments in here
   3 > 00 01 02 03 9C 09 86 7F 97 8D 8E 0B 0C 0D 0E 0F 10 11 12 13 9D 85 08 87 18 19 92
----         ^
   4   8F 1C 1D 1E 1F 80 81 82 83 84 0A 17 1B 88 89 8A 8B 8C 05 06 07 90 91 16 93 94 95
   5   
>> Error: Unexpected indicator: `0'

configuration.at-941-valid2.ttbl:4.6-4.7:
   1   
   2   # we may have any comments in here
   3   00 01 02 03 9C 09 86 7F 97 8D 8E 0B 0C 0D 0E 0F 10 11 12 13 9D 85 08 87 18 19 92
   4 > 8F 1C 1D 1E 1F 80 81 82 83 84 0A 17 1B 88 89 8A 8B 8C 05 06 07 90 91 16 93 94 95
----         ^
   5   
   6   # even within 
>> Error: Unexpected indicator: `1'

configuration.at-941-valid2.ttbl:8.6-8.7:
   5   
   6   # even within 
   7   
   8 > 96 04 98 99 9A 9B 14 15 9E 1A 20 A0 E2 E4 E0 E1 E3 E5 E7 F1 5B 2E 3C 28 2B 21 26
----         ^
   9   E9 EA EB E8 ED EE EF EC DF 5D 24 2A 29 3B 5E 2D 2F C2 C4 C0 C1 C3 C5 C7 D1 A6 2C
  10   25 5F 3E 3F F8 C9 CA CB C8 CD CE CF CC 60 3A 23 40 27 3D 22 D8 61 62 63 64 65 66
>> Error: Unexpected indicator: `9'

configuration.at-941-valid2.ttbl:9.6-9.7:
   6   # even within 
   7   
   8   96 04 98 99 9A 9B 14 15 9E 1A 20 A0 E2 E4 E0 E1 E3 E5 E7 F1 5B 2E 3C 28 2B 21 26
   9 > E9 EA EB E8 ED EE EF EC DF 5D 24 2A 29 3B 5E 2D 2F C2 C4 C0 C1 C3 C5 C7 D1 A6 2C
----         ^
  10   25 5F 3E 3F F8 C9 CA CB C8 CD CE CF CC 60 3A 23 40 27 3D 22 D8 61 62 63 64 65 66
  11   67 68 69 AB BB F0 FD FE B1 B0 6A 6B 6C 6D 6E 6F 70 71 72 AA BA E6 B8 C6 A4 B5 7E
>> Error: Unexpected indicator: `E'

configuration.at-941-valid2.ttbl:10.6-10.7:
   7   
   8   96 04 98 99 9A 9B 14 15 9E 1A 20 A0 E2 E4 E0 E1 E3 E5 E7 F1 5B 2E 3C 28 2B 21 26
   9   E9 EA EB E8 ED EE EF EC DF 5D 24 2A 29 3B 5E 2D 2F C2 C4 C0 C1 C3 C5 C7 D1 A6 2C
  10 > 25 5F 3E 3F F8 C9 CA CB C8 CD CE CF CC 60 3A 23 40 27 3D 22 D8 61 62 63 64 65 66
----         ^
  11   67 68 69 AB BB F0 FD FE B1 B0 6A 6B 6C 6D 6E 6F 70 71 72 AA BA E6 B8 C6 A4 B5 7E
  12   73 74 75 76 77 78 79 7A A1 BF D0 DD DE AE A2 A3 A5 B7 A9 A7 B6 BC BD BE AC 7C AF
>> Error: Unexpected indicator: `3'

configuration.at-941-valid2.ttbl:11.6-11.7:
   8   96 04 98 99 9A 9B 14 15 9E 1A 20 A0 E2 E4 E0 E1 E3 E5 E7 F1 5B 2E 3C 28 2B 21 26
   9   E9 EA EB E8 ED EE EF EC DF 5D 24 2A 29 3B 5E 2D 2F C2 C4 C0 C1 C3 C5 C7 D1 A6 2C
  10   25 5F 3E 3F F8 C9 CA CB C8 CD CE CF CC 60 3A 23 40 27 3D 22 D8 61 62 63 64 65 66
  11 > 67 68 69 AB BB F0 FD FE B1 B0 6A 6B 6C 6D 6E 6F 70 71 72 AA BA E6 B8 C6 A4 B5 7E
----         ^
  12   73 74 75 76 77 78 79 7A A1 BF D0 DD DE AE A2 A3 A5 B7 A9 A7 B6 BC BD BE AC 7C AF
  13   A8 B4 D7 7B 41 42 43 44 45 46 47 48 49 AD F4 F6 F2 F3 F5 7D 4A 4B 4C 4D 4E 4F 50
>> Error: Unexpected indicator: `6'

configuration.at-941-valid2.ttbl:12.6-12.7:
   9   E9 EA EB E8 ED EE EF EC DF 5D 24 2A 29 3B 5E 2D 2F C2 C4 C0 C1 C3 C5 C7 D1 A6 2C
  10   25 5F 3E 3F F8 C9 CA CB C8 CD CE CF CC 60 3A 23 40 27 3D 22 D8 61 62 63 64 65 66
  11   67 68 69 AB BB F0 FD FE B1 B0 6A 6B 6C 6D 6E 6F 70 71 72 AA BA E6 B8 C6 A4 B5 7E
  12 > 73 74 75 76 77 78 79 7A A1 BF D0 DD DE AE A2 A3 A5 B7 A9 A7 B6 BC BD BE AC 7C AF
----         ^
  13   A8 B4 D7 7B 41 42 43 44 45 46 47 48 49 AD F4 F6 F2 F3 F5 7D 4A 4B 4C 4D 4E 4F 50
  14   51 52 B9 FB FC F9 FA FF 5C F7 53 54 55 56 57 58 59 5A B2 D4 D6 D2 D3 D5 30 31 32
>> Error: Unexpected indicator: `7'

configuration.at-941-valid2.ttbl:14.6-14.7:
  11   67 68 69 AB BB F0 FD FE B1 B0 6A 6B 6C 6D 6E 6F 70 71 72 AA BA E6 B8 C6 A4 B5 7E
  12   73 74 75 76 77 78 79 7A A1 BF D0 DD DE AE A2 A3 A5 B7 A9 A7 B6 BC BD BE AC 7C AF
  13   A8 B4 D7 7B 41 42 43 44 45 46 47 48 49 AD F4 F6 F2 F3 F5 7D 4A 4B 4C 4D 4E 4F 50
  14 > 51 52 B9 FB FC F9 FA FF 5C F7 53 54 55 56 57 58 59 5A B2 D4 D6 D2 D3 D5 30 31 32
----         ^
  15   33 34 35 36 37 38 39 B3 DB DC D9 DA 9F 
>> Error: Unexpected indicator: `B'

configuration.at-941-valid2.ttbl:15.6-15.7:
  12   73 74 75 76 77 78 79 7A A1 BF D0 DD DE AE A2 A3 A5 B7 A9 A7 B6 BC BD BE AC 7C AF
  13   A8 B4 D7 7B 41 42 43 44 45 46 47 48 49 AD F4 F6 F2 F3 F5 7D 4A 4B 4C 4D 4E 4F 50
  14   51 52 B9 FB FC F9 FA FF 5C F7 53 54 55 56 57 58 59 5A B2 D4 D6 D2 D3 D5 30 31 32
  15 > 33 34 35 36 37 38 39 B3 DB DC D9 DA 9F 
----         ^
>> Error: Unexpected indicator: `3'

